<table >
<tr></tr><tr><td>wl</td><td>1</td><td>425</td></tr>
<tr><td>wl</td><td>2</td><td>549</td></tr>
<tr><td>wl</td><td>3</td><td>703</td></tr>
<tr><td>wl</td><td>4</td><td>1066</td></tr>
<tr><td>wr</td><td>1</td><td>677</td></tr>
<tr><td>wr</td><td>2</td><td>680</td></tr>
<tr><td>wr</td><td>3</td><td>1079</td></tr>
<tr><td>wr</td><td>4</td><td>1507</td></tr>
<tr><td>hl</td><td>1</td><td>61</td></tr>
<tr><td>hl</td><td>2</td><td>59</td></tr>
<tr><td>hl</td><td>3</td><td>74</td></tr>
<tr><td>hl</td><td>4</td><td>91</td></tr>
<tr><td>wl</td><td>5</td><td>1602</td></tr>
<tr><td>wl</td><td>6</td><td>2201</td></tr>
<tr><td>wr</td><td>5</td><td>2072</td></tr>
<tr><td>wr</td><td>6</td><td>3396</td></tr>
<tr><td>hl</td><td>5</td><td>162</td></tr>
<tr><td>hl</td><td>6</td><td>136</td></tr>
<tr></tr>
<tr><td>daily_2009-06-01</td></tr>
<tr><td>(</td><td>daily_2009-05-31</td><td>)</td></tr>
<tr></tr>
<tr><td>astrolib</td></tr>
<tr><td>total</td><td>pass</td><td>fail</td><td>error</td><td>disabled</td><td>missing</td></tr>
<tr><td>ekky</td><td>486</td><td>480</td><td>4</td><td>2</td><td>0</td><td>0</td></tr>
<tr><td>etc-dev1</td><td>486</td><td>481</td><td>3</td><td>2</td><td>0</td><td>0</td></tr>
<tr><td>macbert</td><td>484</td><td>480</td><td>3</td><td>1</td><td>0</td><td>0</td></tr>
<tr><td>motoko</td><td>486</td><td>481</td><td>3</td><td>2</td><td>0</td><td>0</td></tr>
<tr><td>quagga</td><td>486</td><td>481</td><td>3</td><td>2</td><td>0</td><td>0</td></tr>
<tr><td>thor</td><td>486</td><td>481</td><td>3</td><td>2</td><td>0</td><td>0</td></tr>
<tr></tr>
<tr><td>multidrizzle</td></tr>
<tr><td>total</td><td>pass</td><td>fail</td><td>error</td><td>disabled</td><td>missing</td></tr>
<tr><td>ekky</td><td>40</td><td>40</td><td>0</td><td>0</td><td>0</td><td>0</td></tr>
<tr><td>macbert</td><td>41</td><td>37</td><td>3</td><td>1</td><td>0</td><td>0</td></tr>
<tr><td>quagga</td><td>40</td><td>40</td><td>0</td><td>0</td><td>0</td><td>0</td></tr>
<tr><td>thor</td><td>40</td><td>40</td><td>0</td><td>0</td><td>0</td><td>0</td></tr>
<tr><td>tufnel</td><td>40</td><td>40</td><td>0</td><td>0</td><td>0</td><td>0</td></tr>
<tr></tr>
<tr><td>pydrizzle</td></tr>
<tr><td>total</td><td>pass</td><td>fail</td><td>error</td><td>disabled</td><td>missing</td></tr>
<tr><td>ekky</td><td>12</td><td>12</td><td>0</td><td>0</td><td>0</td><td>0</td></tr>
<tr><td>macbert</td><td>12</td><td>11</td><td>1</td><td>0</td><td>0</td><td>0</td></tr>
<tr><td>thor</td><td>12</td><td>12</td><td>0</td><td>0</td><td>0</td><td>0</td></tr>
<tr><td>tufnel</td><td>12</td><td>12</td><td>0</td><td>0</td><td>0</td><td>0</td></tr>
<tr></tr>
<tr><td>stsci_python</td></tr>
<tr><td>total</td><td>pass</td><td>fail</td><td>error</td><td>disabled</td><td>missing</td></tr>
<tr><td>ekky</td><td>15</td><td>13</td><td>0</td><td>2</td><td>0</td><td>0</td></tr>
<tr><td>motoko</td><td>15</td><td>15</td><td>0</td><td>0</td><td>0</td><td>0</td></tr>
<tr><td>quagga</td><td>15</td><td>15</td><td>0</td><td>0</td><td>0</td><td>0</td></tr>
<tr><td>thor</td><td>15</td><td>15</td><td>0</td><td>0</td><td>0</td><td>0</td></tr>
<tr><td>tufnel</td><td>14</td><td>14</td><td>0</td><td>0</td><td>0</td><td>0</td></tr>
<tr></tr>
<tr><td>stsdas</td></tr>
<tr><td>total</td><td>pass</td><td>fail</td><td>error</td><td>disabled</td><td>missing</td></tr>
<tr><td>ekky</td><td>231</td><td>231</td><td>0</td><td>0</td><td>0</td><td>0</td></tr>
<tr><td>macbert</td><td>233</td><td>227</td><td>4</td><td>2</td><td>0</td><td>0</td></tr>
<tr><td>quagga</td><td>231</td><td>229</td><td>0</td><td>2</td><td>0</td><td>0</td></tr>
<tr><td>thor</td><td>231</td><td>229</td><td>0</td><td>2</td><td>0</td><td>0</td></tr>
<tr><td>tufnel</td><td>231</td><td>229</td><td>1</td><td>1</td><td>0</td><td>0</td></tr>
</table>
